{"ts": "2026-08-12T11:13:30+00:00", "level": "warn", "event": "bar_ghost_session_dropped", "ticker": "AAPL", "dates": "2025-05-26", "n": 1, "calendar": "XNYS", "detail": "takvimde SEANS OLMAYAN tarihte bar satırı — kaynak çoğu sembolde önceki seansı kopyalamış, bir kısmında BÖLÜNME-DÜZELTİLMEMİŞ ham fiyat yazmış; satır düştü"}
{"ts": "2026-08-12T11:13:30+00:00", "level": "warn", "event": "bar_unadjusted_row_quarantined", "ticker": "AVGO", "dates": "2008-06-12", "n": 1, "calendar": "XNYS", "detail": "geçerli seansta izole düzeltilmemiş fiyat satırı (|hareket|>%35, ertesi bar geri dönüyor, hacim tutarsız) — split_suspect artık SOFT değil, satır karantinada"}
{"ts": "2026-08-12T11:13:30+00:00", "level": "warn", "event": "bar_ghost_session_dropped", "ticker": "CRM", "dates": "2018-11-22", "n": 1, "calendar": "XNYS", "detail": "takvimde SEANS OLMAYAN tarihte bar satırı — kaynak çoğu sembolde önceki seansı kopyalamış, bir kısmında BÖLÜNME-DÜZELTİLMEMİŞ ham fiyat yazmış; satır düştü"}
{"ts": "2026-08-12T11:13:31+00:00", "level": "warn", "event": "bar_unadjusted_row_quarantined", "ticker": "CMCSA", "dates": "2013-12-18", "n": 1, "calendar": "XNYS", "detail": "geçerli seansta izole düzeltilmemiş fiyat satırı (|hareket|>%35, ertesi bar geri dönüyor, hacim tutarsız) — split_suspect artık SOFT değil, satır karantinada"}
{"ts": "2026-08-12T11:13:31+00:00", "level": "warn", "event": "bar_unadjusted_row_quarantined", "ticker": "PINS", "dates": "2013-07-15,2013-08-02", "n": 2, "calendar": "XNYS", "detail": "geçerli seansta izole düzeltilmemiş fiyat satırı (|hareket|>%35, ertesi bar geri dönüyor, hacim tutarsız) — split_suspect artık SOFT değil, satır karantinada"}
{"ts": "2026-08-12T11:13:32+00:00", "level": "warn", "event": "bar_unadjusted_row_quarantined", "ticker": "DLTR", "dates": "2012-06-26", "n": 1, "calendar": "XNYS", "detail": "geçerli seansta izole düzeltilmemiş fiyat satırı (|hareket|>%35, ertesi bar geri dönüyor, hacim tutarsız) — split_suspect artık SOFT değil, satır karantinada"}
{"ts": "2026-08-12T11:13:33+00:00", "level": "warn", "event": "bar_unadjusted_row_quarantined", "ticker": "UNP", "dates": "2014-06-06", "n": 1, "calendar": "XNYS", "detail": "geçerli seansta izole düzeltilmemiş fiyat satırı (|hareket|>%35, ertesi bar geri dönüyor, hacim tutarsız) — split_suspect artık SOFT değil, satır karantinada"}
{"ts": "2026-08-12T11:13:34+00:00", "level": "warn", "event": "bar_unadjusted_row_quarantined", "ticker": "TDG", "dates": "2011-12-01,2011-12-09", "n": 2, "calendar": "XNYS", "detail": "geçerli seansta izole düzeltilmemiş fiyat satırı (|hareket|>%35, ertesi bar geri dönüyor, hacim tutarsız) — split_suspect artık SOFT değil, satır karantinada"}
{"ts": "2026-08-12T11:13:34+00:00", "level": "warn", "event": "bar_unadjusted_row_quarantined", "ticker": "ALB", "dates": "2006-10-30", "n": 1, "calendar": "XNYS", "detail": "geçerli seansta izole düzeltilmemiş fiyat satırı (|hareket|>%35, ertesi bar geri dönüyor, hacim tutarsız) — split_suspect artık SOFT değil, satır karantinada"}
{"ts": "2026-08-12T11:13:35+00:00", "level": "warn", "event": "bar_unadjusted_row_quarantined", "ticker": "EL", "dates": "2012-01-20", "n": 1, "calendar": "XNYS", "detail": "geçerli seansta izole düzeltilmemiş fiyat satırı (|hareket|>%35, ertesi bar geri dönüyor, hacim tutarsız) — split_suspect artık SOFT değil, satır karantinada"}
[taban] barlar: 251 sembol, endeks 1403 satır, sv=3
[taban] bitti: 135 işlem, 1671.0s → kol_taban.json
{"ts": "2026-08-12T11:41:22+00:00", "level": "warn", "event": "bar_ghost_session_dropped", "ticker": "AAPL", "dates": "2025-05-26", "n": 1, "calendar": "XNYS", "detail": "takvimde SEANS OLMAYAN tarihte bar satırı — kaynak çoğu sembolde önceki seansı kopyalamış, bir kısmında BÖLÜNME-DÜZELTİLMEMİŞ ham fiyat yazmış; satır düştü"}
{"ts": "2026-08-12T11:41:22+00:00", "level": "warn", "event": "bar_unadjusted_row_quarantined", "ticker": "AVGO", "dates": "2008-06-12", "n": 1, "calendar": "XNYS", "detail": "geçerli seansta izole düzeltilmemiş fiyat satırı (|hareket|>%35, ertesi bar geri dönüyor, hacim tutarsız) — split_suspect artık SOFT değil, satır karantinada"}
{"ts": "2026-08-12T11:41:22+00:00", "level": "warn", "event": "bar_ghost_session_dropped", "ticker": "CRM", "dates": "2018-11-22", "n": 1, "calendar": "XNYS", "detail": "takvimde SEANS OLMAYAN tarihte bar satırı — kaynak çoğu sembolde önceki seansı kopyalamış, bir kısmında BÖLÜNME-DÜZELTİLMEMİŞ ham fiyat yazmış; satır düştü"}
{"ts": "2026-08-12T11:41:23+00:00", "level": "warn", "event": "bar_unadjusted_row_quarantined", "ticker": "CMCSA", "dates": "2013-12-18", "n": 1, "calendar": "XNYS", "detail": "geçerli seansta izole düzeltilmemiş fiyat satırı (|hareket|>%35, ertesi bar geri dönüyor, hacim tutarsız) — split_suspect artık SOFT değil, satır karantinada"}
{"ts": "2026-08-12T11:41:23+00:00", "level": "warn", "event": "bar_unadjusted_row_quarantined", "ticker": "PINS", "dates": "2013-07-15,2013-08-02", "n": 2, "calendar": "XNYS", "detail": "geçerli seansta izole düzeltilmemiş fiyat satırı (|hareket|>%35, ertesi bar geri dönüyor, hacim tutarsız) — split_suspect artık SOFT değil, satır karantinada"}
{"ts": "2026-08-12T11:41:23+00:00", "level": "warn", "event": "bar_unadjusted_row_quarantined", "ticker": "DLTR", "dates": "2012-06-26", "n": 1, "calendar": "XNYS", "detail": "geçerli seansta izole düzeltilmemiş fiyat satırı (|hareket|>%35, ertesi bar geri dönüyor, hacim tutarsız) — split_suspect artık SOFT değil, satır karantinada"}
{"ts": "2026-08-12T11:41:25+00:00", "level": "warn", "event": "bar_unadjusted_row_quarantined", "ticker": "UNP", "dates": "2014-06-06", "n": 1, "calendar": "XNYS", "detail": "geçerli seansta izole düzeltilmemiş fiyat satırı (|hareket|>%35, ertesi bar geri dönüyor, hacim tutarsız) — split_suspect artık SOFT değil, satır karantinada"}
{"ts": "2026-08-12T11:41:25+00:00", "level": "warn", "event": "bar_unadjusted_row_quarantined", "ticker": "TDG", "dates": "2011-12-01,2011-12-09", "n": 2, "calendar": "XNYS", "detail": "geçerli seansta izole düzeltilmemiş fiyat satırı (|hareket|>%35, ertesi bar geri dönüyor, hacim tutarsız) — split_suspect artık SOFT değil, satır karantinada"}
{"ts": "2026-08-12T11:41:25+00:00", "level": "warn", "event": "bar_unadjusted_row_quarantined", "ticker": "ALB", "dates": "2006-10-30", "n": 1, "calendar": "XNYS", "detail": "geçerli seansta izole düzeltilmemiş fiyat satırı (|hareket|>%35, ertesi bar geri dönüyor, hacim tutarsız) — split_suspect artık SOFT değil, satır karantinada"}
{"ts": "2026-08-12T11:41:26+00:00", "level": "warn", "event": "bar_unadjusted_row_quarantined", "ticker": "EL", "dates": "2012-01-20", "n": 1, "calendar": "XNYS", "detail": "geçerli seansta izole düzeltilmemiş fiyat satırı (|hareket|>%35, ertesi bar geri dönüyor, hacim tutarsız) — split_suspect artık SOFT değil, satır karantinada"}
[taban_pk] barlar: 251 sembol, endeks 1403 satır, sv=3
[taban_pk] bitti: 135 işlem, 1363.7s → kol_taban_pk.json
{"ts": "2026-08-12T12:04:06+00:00", "level": "warn", "event": "bar_ghost_session_dropped", "ticker": "AAPL", "dates": "2025-05-26", "n": 1, "calendar": "XNYS", "detail": "takvimde SEANS OLMAYAN tarihte bar satırı — kaynak çoğu sembolde önceki seansı kopyalamış, bir kısmında BÖLÜNME-DÜZELTİLMEMİŞ ham fiyat yazmış; satır düştü"}
{"ts": "2026-08-12T12:04:06+00:00", "level": "warn", "event": "bar_unadjusted_row_quarantined", "ticker": "AVGO", "dates": "2008-06-12", "n": 1, "calendar": "XNYS", "detail": "geçerli seansta izole düzeltilmemiş fiyat satırı (|hareket|>%35, ertesi bar geri dönüyor, hacim tutarsız) — split_suspect artık SOFT değil, satır karantinada"}
{"ts": "2026-08-12T12:04:06+00:00", "level": "warn", "event": "bar_ghost_session_dropped", "ticker": "CRM", "dates": "2018-11-22", "n": 1, "calendar": "XNYS", "detail": "takvimde SEANS OLMAYAN tarihte bar satırı — kaynak çoğu sembolde önceki seansı kopyalamış, bir kısmında BÖLÜNME-DÜZELTİLMEMİŞ ham fiyat yazmış; satır düştü"}
{"ts": "2026-08-12T12:04:07+00:00", "level": "warn", "event": "bar_unadjusted_row_quarantined", "ticker": "CMCSA", "dates": "2013-12-18", "n": 1, "calendar": "XNYS", "detail": "geçerli seansta izole düzeltilmemiş fiyat satırı (|hareket|>%35, ertesi bar geri dönüyor, hacim tutarsız) — split_suspect artık SOFT değil, satır karantinada"}
{"ts": "2026-08-12T12:04:08+00:00", "level": "warn", "event": "bar_unadjusted_row_quarantined", "ticker": "PINS", "dates": "2013-07-15,2013-08-02", "n": 2, "calendar": "XNYS", "detail": "geçerli seansta izole düzeltilmemiş fiyat satırı (|hareket|>%35, ertesi bar geri dönüyor, hacim tutarsız) — split_suspect artık SOFT değil, satır karantinada"}
{"ts": "2026-08-12T12:04:08+00:00", "level": "warn", "event": "bar_unadjusted_row_quarantined", "ticker": "DLTR", "dates": "2012-06-26", "n": 1, "calendar": "XNYS", "detail": "geçerli seansta izole düzeltilmemiş fiyat satırı (|hareket|>%35, ertesi bar geri dönüyor, hacim tutarsız) — split_suspect artık SOFT değil, satır karantinada"}
{"ts": "2026-08-12T12:04:09+00:00", "level": "warn", "event": "bar_unadjusted_row_quarantined", "ticker": "UNP", "dates": "2014-06-06", "n": 1, "calendar": "XNYS", "detail": "geçerli seansta izole düzeltilmemiş fiyat satırı (|hareket|>%35, ertesi bar geri dönüyor, hacim tutarsız) — split_suspect artık SOFT değil, satır karantinada"}
{"ts": "2026-08-12T12:04:09+00:00", "level": "warn", "event": "bar_unadjusted_row_quarantined", "ticker": "TDG", "dates": "2011-12-01,2011-12-09", "n": 2, "calendar": "XNYS", "detail": "geçerli seansta izole düzeltilmemiş fiyat satırı (|hareket|>%35, ertesi bar geri dönüyor, hacim tutarsız) — split_suspect artık SOFT değil, satır karantinada"}
{"ts": "2026-08-12T12:04:10+00:00", "level": "warn", "event": "bar_unadjusted_row_quarantined", "ticker": "ALB", "dates": "2006-10-30", "n": 1, "calendar": "XNYS", "detail": "geçerli seansta izole düzeltilmemiş fiyat satırı (|hareket|>%35, ertesi bar geri dönüyor, hacim tutarsız) — split_suspect artık SOFT değil, satır karantinada"}
{"ts": "2026-08-12T12:04:10+00:00", "level": "warn", "event": "bar_unadjusted_row_quarantined", "ticker": "EL", "dates": "2012-01-20", "n": 1, "calendar": "XNYS", "detail": "geçerli seansta izole düzeltilmemiş fiyat satırı (|hareket|>%35, ertesi bar geri dönüyor, hacim tutarsız) — split_suspect artık SOFT değil, satır karantinada"}
[mb_silahli] barlar: 251 sembol, endeks 1403 satır, sv=3
{"ts": "2026-08-12T12:13:57+00:00", "level": "warn", "event": "bar_ghost_session_dropped", "ticker": "AAPL", "dates": "2025-05-26", "n": 1, "calendar": "XNYS", "detail": "takvimde SEANS OLMAYAN tarihte bar satırı — kaynak çoğu sembolde önceki seansı kopyalamış, bir kısmında BÖLÜNME-DÜZELTİLMEMİŞ ham fiyat yazmış; satır düştü"}
{"ts": "2026-08-12T12:13:57+00:00", "level": "warn", "event": "bar_unadjusted_row_quarantined", "ticker": "AVGO", "dates": "2008-06-12", "n": 1, "calendar": "XNYS", "detail": "geçerli seansta izole düzeltilmemiş fiyat satırı (|hareket|>%35, ertesi bar geri dönüyor, hacim tutarsız) — split_suspect artık SOFT değil, satır karantinada"}
{"ts": "2026-08-12T12:13:58+00:00", "level": "warn", "event": "bar_ghost_session_dropped", "ticker": "CRM", "dates": "2018-11-22", "n": 1, "calendar": "XNYS", "detail": "takvimde SEANS OLMAYAN tarihte bar satırı — kaynak çoğu sembolde önceki seansı kopyalamış, bir kısmında BÖLÜNME-DÜZELTİLMEMİŞ ham fiyat yazmış; satır düştü"}
{"ts": "2026-08-12T12:13:58+00:00", "level": "warn", "event": "bar_unadjusted_row_quarantined", "ticker": "CMCSA", "dates": "2013-12-18", "n": 1, "calendar": "XNYS", "detail": "geçerli seansta izole düzeltilmemiş fiyat satırı (|hareket|>%35, ertesi bar geri dönüyor, hacim tutarsız) — split_suspect artık SOFT değil, satır karantinada"}
{"ts": "2026-08-12T12:13:59+00:00", "level": "warn", "event": "bar_unadjusted_row_quarantined", "ticker": "PINS", "dates": "2013-07-15,2013-08-02", "n": 2, "calendar": "XNYS", "detail": "geçerli seansta izole düzeltilmemiş fiyat satırı (|hareket|>%35, ertesi bar geri dönüyor, hacim tutarsız) — split_suspect artık SOFT değil, satır karantinada"}
{"ts": "2026-08-12T12:13:59+00:00", "level": "warn", "event": "bar_unadjusted_row_quarantined", "ticker": "DLTR", "dates": "2012-06-26", "n": 1, "calendar": "XNYS", "detail": "geçerli seansta izole düzeltilmemiş fiyat satırı (|hareket|>%35, ertesi bar geri dönüyor, hacim tutarsız) — split_suspect artık SOFT değil, satır karantinada"}
{"ts": "2026-08-12T12:14:00+00:00", "level": "warn", "event": "bar_unadjusted_row_quarantined", "ticker": "UNP", "dates": "2014-06-06", "n": 1, "calendar": "XNYS", "detail": "geçerli seansta izole düzeltilmemiş fiyat satırı (|hareket|>%35, ertesi bar geri dönüyor, hacim tutarsız) — split_suspect artık SOFT değil, satır karantinada"}
{"ts": "2026-08-12T12:14:00+00:00", "level": "warn", "event": "bar_unadjusted_row_quarantined", "ticker": "TDG", "dates": "2011-12-01,2011-12-09", "n": 2, "calendar": "XNYS", "detail": "geçerli seansta izole düzeltilmemiş fiyat satırı (|hareket|>%35, ertesi bar geri dönüyor, hacim tutarsız) — split_suspect artık SOFT değil, satır karantinada"}
{"ts": "2026-08-12T12:14:01+00:00", "level": "warn", "event": "bar_unadjusted_row_quarantined", "ticker": "ALB", "dates": "2006-10-30", "n": 1, "calendar": "XNYS", "detail": "geçerli seansta izole düzeltilmemiş fiyat satırı (|hareket|>%35, ertesi bar geri dönüyor, hacim tutarsız) — split_suspect artık SOFT değil, satır karantinada"}
{"ts": "2026-08-12T12:14:01+00:00", "level": "warn", "event": "bar_unadjusted_row_quarantined", "ticker": "EL", "dates": "2012-01-20", "n": 1, "calendar": "XNYS", "detail": "geçerli seansta izole düzeltilmemiş fiyat satırı (|hareket|>%35, ertesi bar geri dönüyor, hacim tutarsız) — split_suspect artık SOFT değil, satır karantinada"}
[mb_silahli] barlar: 251 sembol, endeks 1403 satır, sv=3
[mb_silahli] bitti: 246 işlem, 1798.3s → kol_mb_silahli.json
MB KOLU BITTI
