
==================== EDG-033 KIYAS ÖZETİ ====================
kill#1 kontrol bit-özdeşlik: bit_ozdes=True tetiklendi=False
kill#2 taban trend_up n=688 tetiklendi=False

--- hücre h1 (yukari_asimetri; harita={'trend_up': 0.75, 'trend_down': 0.5, 'chop': 0.5, 'high_vol': 0.5}) ---
şasi: serh=MOTOR/CONFIG SHA'LARI C İLE BİREBİR DEĞİL — kıyas ŞERHLİ: motor={'broker.py': False, 'backtest.py': True, 'strategy.py': False} config={'goal.yaml': True, 'strategy.yaml': True, 'bounds.yaml': True}  takvim=True  rejim_uyusmaz=0  KILL#3 tetiklendi=True
işlem: C 772 → 627 (fark -145)  ΔCI95={'lo': -192.0, 'hi': -102.0, 'orta': -145.0}
net_pnl: {'C_duz_0p5R': 9869.2, 'hucre_yukari_asimetri': 2245.29}  ΔCI95={'lo': -22409.7975, 'hi': 7380.1245, 'orta': -7760.375}
maxdd: {'C_duz_0p5R': 0.1235, 'hucre_yukari_asimetri': 0.1364}  ΔCI95={'lo': -0.0256, 'hi': 0.1563, 'orta': 0.042}
sharpe: {'C_duz_0p5R': 0.285, 'hucre_yukari_asimetri': 0.053}  ΔCI95={'lo': -0.6299, 'hi': 0.1485, 'orta': -0.2352}
rejim karne Δ: {'chop': 63.37, 'trend_up': -7687.28}
ayrışım: ortak=602 (aynı-tu=137 Δ1429.36 | aynı-diğer=35 Δ14.86 | kayan=430 Δ437.6)  eklenen=25 (-2764.85)  çıkan=170 (6740.88)  kalıntı=0.0 sente_kapandı=True
başarı koşulu kaydı: ΔP&L CI-alt=-22409.7975 (>0: False)  dd_oran=1.104 (≤1.3: True)

--- hücre h2 (tam_modulasyon; harita={'trend_up': 0.75, 'trend_down': 0.35, 'chop': 0.35, 'high_vol': 0.35}) ---
şasi: serh=MOTOR/CONFIG SHA'LARI C İLE BİREBİR DEĞİL — kıyas ŞERHLİ: motor={'broker.py': False, 'backtest.py': True, 'strategy.py': False} config={'goal.yaml': True, 'strategy.yaml': True, 'bounds.yaml': True}  takvim=True  rejim_uyusmaz=0  KILL#3 tetiklendi=True
işlem: C 772 → 639 (fark -133)  ΔCI95={'lo': -183.0, 'hi': -87.0, 'orta': -133.0}
net_pnl: {'C_duz_0p5R': 9869.2, 'hucre_tam_modulasyon': 972.48}  ΔCI95={'lo': -22638.8257, 'hi': 4368.435, 'orta': -8933.775}
maxdd: {'C_duz_0p5R': 0.1235, 'hucre_tam_modulasyon': 0.1322}  ΔCI95={'lo': -0.026, 'hi': 0.1546, 'orta': 0.043}
sharpe: {'C_duz_0p5R': 0.285, 'hucre_tam_modulasyon': 0.023}  ΔCI95={'lo': -0.6282, 'hi': 0.1026, 'orta': -0.2693}
rejim karne Δ: {'chop': -100.11, 'trend_up': -8796.61}
ayrışım: ortak=605 (aynı-tu=132 Δ-2346.48 | aynı-diğer=18 Δ141.4 | kayan=455 Δ4914.84)  eklenen=34 (-3984.33)  çıkan=167 (7622.15)  kalıntı=0.0 sente_kapandı=True
başarı koşulu kaydı: ΔP&L CI-alt=-22638.8257 (>0: False)  dd_oran=1.07 (≤1.3: True)

yazıldı: /Users/erdemozturk/AI-Trading/research/olcumler/edg033_rejim_boyut_2026-08-12/sonuc.json
KIYAS_BITTI
