{"ts": "2026-08-24T01:00:12+00:00", "level": "warn", "event": "bar_ghost_session_dropped", "ticker": "AAPL", "dates": "2025-05-26", "n": 1, "calendar": "XNYS", "detail": "takvimde SEANS OLMAYAN tarihte bar satırı — kaynak çoğu sembolde önceki seansı kopyalamış, bir kısmında BÖLÜNME-DÜZELTİLMEMİŞ ham fiyat yazmış; satır düştü"}
{"ts": "2026-08-24T01:00:12+00:00", "level": "warn", "event": "bar_unadjusted_row_quarantined", "ticker": "AVGO", "dates": "2008-06-12", "n": 1, "calendar": "XNYS", "detail": "geçerli seansta izole düzeltilmemiş fiyat satırı (|hareket|>%35, ertesi bar geri dönüyor, hacim tutarsız) — split_suspect artık SOFT değil, satır karantinada"}
{"ts": "2026-08-24T01:00:12+00:00", "level": "warn", "event": "bar_ghost_session_dropped", "ticker": "CRM", "dates": "2018-11-22", "n": 1, "calendar": "XNYS", "detail": "takvimde SEANS OLMAYAN tarihte bar satırı — kaynak çoğu sembolde önceki seansı kopyalamış, bir kısmında BÖLÜNME-DÜZELTİLMEMİŞ ham fiyat yazmış; satır düştü"}
{"ts": "2026-08-24T01:00:13+00:00", "level": "warn", "event": "bar_unadjusted_row_quarantined", "ticker": "CMCSA", "dates": "2013-12-18", "n": 1, "calendar": "XNYS", "detail": "geçerli seansta izole düzeltilmemiş fiyat satırı (|hareket|>%35, ertesi bar geri dönüyor, hacim tutarsız) — split_suspect artık SOFT değil, satır karantinada"}
{"ts": "2026-08-24T01:00:13+00:00", "level": "warn", "event": "bar_unadjusted_row_quarantined", "ticker": "PINS", "dates": "2013-07-15,2013-08-02", "n": 2, "calendar": "XNYS", "detail": "geçerli seansta izole düzeltilmemiş fiyat satırı (|hareket|>%35, ertesi bar geri dönüyor, hacim tutarsız) — split_suspect artık SOFT değil, satır karantinada"}
{"ts": "2026-08-24T01:00:13+00:00", "level": "warn", "event": "bar_unadjusted_row_quarantined", "ticker": "DLTR", "dates": "2012-06-26", "n": 1, "calendar": "XNYS", "detail": "geçerli seansta izole düzeltilmemiş fiyat satırı (|hareket|>%35, ertesi bar geri dönüyor, hacim tutarsız) — split_suspect artık SOFT değil, satır karantinada"}
{"ts": "2026-08-24T01:00:14+00:00", "level": "warn", "event": "bar_unadjusted_row_quarantined", "ticker": "UNP", "dates": "2014-06-06", "n": 1, "calendar": "XNYS", "detail": "geçerli seansta izole düzeltilmemiş fiyat satırı (|hareket|>%35, ertesi bar geri dönüyor, hacim tutarsız) — split_suspect artık SOFT değil, satır karantinada"}
{"ts": "2026-08-24T01:00:14+00:00", "level": "warn", "event": "bar_unadjusted_row_quarantined", "ticker": "TDG", "dates": "2011-12-01,2011-12-09", "n": 2, "calendar": "XNYS", "detail": "geçerli seansta izole düzeltilmemiş fiyat satırı (|hareket|>%35, ertesi bar geri dönüyor, hacim tutarsız) — split_suspect artık SOFT değil, satır karantinada"}
{"ts": "2026-08-24T01:00:14+00:00", "level": "warn", "event": "bar_unadjusted_row_quarantined", "ticker": "ALB", "dates": "2006-10-30", "n": 1, "calendar": "XNYS", "detail": "geçerli seansta izole düzeltilmemiş fiyat satırı (|hareket|>%35, ertesi bar geri dönüyor, hacim tutarsız) — split_suspect artık SOFT değil, satır karantinada"}
{"ts": "2026-08-24T01:00:14+00:00", "level": "warn", "event": "bar_unadjusted_row_quarantined", "ticker": "EL", "dates": "2012-01-20", "n": 1, "calendar": "XNYS", "detail": "geçerli seansta izole düzeltilmemiş fiyat satırı (|hareket|>%35, ertesi bar geri dönüyor, hacim tutarsız) — split_suspect artık SOFT değil, satır karantinada"}

=========== EDG-032b TAM-SATIR KOŞUM [kontrol] ===========
hücre: slot=20 size_r=0.5 zarf=5.0 (enjekte=False)
replay 2022-01-01→2026-07-30  sv=3  sembol=251  süre=1202.6s
rampa kablolu: band=0.15/0.36 kaynak={'full_dd': 'kod varsayilani', 'floor_dd': 'kod varsayilani'}  mb ARMED_SETUPS'ta (sonda)=True
bütünlük geçerli=True  frame_miss=0 dup=0 scan!=plan=0 yasak=[] base_max_bozuk=0 kill3_bozuk=[]
işlem n=885 (mb=339)  net_pnl=23806.13  maxdd_kanonik=0.1263  sharpe=0.594  avg_r=0.083
NO_GO nedenleri: {'heat_hard': 593, 'HAM:NOT: earnings_kapsami_yok — kazanç takvimi bu sembolü kapsamıyor; karartma kapıs': 593, 'sector_cap': 7}
TAM defter: /Users/erdemozturk/AI-Trading/research/olcumler/edg032c_kunye_tazeleme_2026-08-24/islemler_tam_kontrol.json  satır=885 alan=25 anahtar_kümesi_tek=True
yazıldı: /Users/erdemozturk/AI-Trading/research/olcumler/edg032c_kunye_tazeleme_2026-08-24/sonuc_kontrol.json
[kosum2_yeni] bitti · süre=1203.3s · motor_ayni=True → /Users/erdemozturk/AI-Trading/research/olcumler/edg032c_kunye_tazeleme_2026-08-24/kosum2_yeni
